tests/lint/input/duplicated_load.gd:16:duplicated-load:warning: Duplicated load of '"res://duplicate/path.tscn"'. Consider extracting to a constant.
tests/lint/input/duplicated_load.gd:17:duplicated-load:warning: Duplicated load of '"res://duplicate/path.tscn"'. Consider extracting to a constant.
tests/lint/input/duplicated_load.gd:19:duplicated-load:warning: Duplicated load of '"res://another/duplicate/path.tscn"'. Consider extracting to a constant.
tests/lint/input/duplicated_load.gd:20:duplicated-load:warning: Duplicated load of '"res://another/duplicate/path.tscn"'. Consider extracting to a constant.